// Jest Snapshot v1, https://goo.gl/fbAQLP

exports[`StateContainer should match snapshot 1`] = `undefined`;
